2026-03-11 14:34:32 | INFO     | __main__:main:133 - Loaded PRIVATE_CHAT_ID from .env: -1003797687285
2026-03-11 14:34:32 | INFO     | __main__:main:134 - Loaded PRIVATE_GROUP_ID from .env: -1003481140567
2026-03-11 14:34:32 | INFO     | src.payments:generate_master_wallets:311 - Generated master wallet for base: 0x0B8BE83A2Ac219Cff103D587A8012f9D476Fbe90
2026-03-11 14:34:32 | INFO     | src.payments:generate_master_wallets:311 - Generated master wallet for arbitrum: 0x0B8BE83A2Ac219Cff103D587A8012f9D476Fbe90
2026-03-11 14:34:32 | INFO     | src.payments:generate_master_wallets:321 - Generated master wallet for tron: TB2G362WFGRQCs5mHrmQ5VBcC35YGWConc
2026-03-11 14:34:32 | INFO     | src.payments:generate_master_wallets:330 - Generated master wallet for solana: 2wnhgMudY8jmpaz7zvDmn1KBS7U1wZh4vTVUtreKMJ5A
2026-03-11 14:34:32 | INFO     | src.payments:_init_withdrawal_wallet:364 - Публичный EVM-адрес кошелька вывода сохранён в БД: 0x570eEEA71AEd426563b8a26510E448546Ede2864
2026-03-11 14:34:32 | INFO     | src.payments:init_db:285 - Database initialized
2026-03-11 14:34:35 | INFO     | src.telegram_ui:setup_bot_commands:1112 - Bot commands configured
2026-03-11 14:34:35 | INFO     | __main__:main:146 - Bot started
2026-03-11 14:34:56 | INFO     | src.telegram_ui:cmd_start:327 - User 300674312 started the bot
2026-03-11 14:34:56 | INFO     | src.payments:ensure_user_referral_link:844 - Created personal referral link for user 300674312: A-n09m0OimU
2026-03-11 14:34:56 | INFO     | src.payments:update_user_profile:626 - Created personal referral link for new user 300674312
2026-03-11 14:35:01 | INFO     | src.telegram_ui:show_profile:786 - User 300674312 opened profile, balance=0.00$
2026-03-11 14:36:17 | INFO     | __main__:main:133 - Loaded PRIVATE_CHAT_ID from .env: -1003797687285
2026-03-11 14:36:17 | INFO     | __main__:main:134 - Loaded PRIVATE_GROUP_ID from .env: -1003481140567
2026-03-11 14:36:17 | INFO     | src.payments:init_db:285 - Database initialized
2026-03-11 14:36:18 | INFO     | src.telegram_ui:setup_bot_commands:1112 - Bot commands configured
2026-03-11 14:36:18 | INFO     | __main__:main:146 - Bot started
2026-03-11 14:36:21 | INFO     | src.telegram_ui:show_profile:786 - User 300674312 opened profile, balance=0.00$
2026-03-11 14:36:22 | INFO     | src.telegram_ui:show_plans:352 - User 300674312 opened subscription plans
2026-03-11 14:36:22 | INFO     | src.telegram_ui:show_plans:361 - Checking referral code for user 300674312: None
2026-03-11 14:36:22 | INFO     | src.telegram_ui:show_plans:377 - No referral code for user 300674312
2026-03-11 14:36:24 | INFO     | src.telegram_ui:show_token_selection:434 - User 300674312 selected plan 1month, price: 1.0
2026-03-11 14:36:26 | INFO     | src.telegram_ui:show_network_selection:461 - User 300674312 selected token usdc
2026-03-11 14:36:29 | INFO     | src.telegram_ui:show_token_selection:434 - User 300674312 selected plan 1month, price: 1.0
2026-03-11 14:37:48 | INFO     | __main__:main:133 - Loaded PRIVATE_CHAT_ID from .env: -1003797687285
2026-03-11 14:37:48 | INFO     | __main__:main:134 - Loaded PRIVATE_GROUP_ID from .env: -1003481140567
2026-03-11 14:37:48 | INFO     | src.payments:init_db:285 - Database initialized
2026-03-11 14:37:49 | INFO     | src.telegram_ui:setup_bot_commands:1112 - Bot commands configured
2026-03-11 14:37:49 | INFO     | __main__:main:146 - Bot started
2026-03-11 14:38:23 | INFO     | src.telegram_ui:show_network_selection:461 - User 300674312 selected token usdc
2026-03-11 14:38:24 | INFO     | src.payments:create_payment_session:1023 - Created payment session 1 for user 300674312, plan=1month, arbitrum/usdc, from_block=0
2026-03-11 14:38:24 | INFO     | src.telegram_ui:show_payment:519 - User 300674312 selected USDC on Arbitrum One, master wallet: 0x0B8BE83A2Ac219Cff103D587A8012f9D476Fbe90
2026-03-11 14:38:47 | INFO     | src.telegram_ui:confirm_payment_handler:561 - User 300674312 entered tx hash input mode for 1month/usdc/arbitrum
2026-03-11 14:38:48 | INFO     | src.telegram_ui:process_tx_hash:592 - User 300674312 submitted tx_hash: 0x3d4a64fb2ce779522375847123f7a34507dc14064b2289fca1d7f9787aea9059 for arbitrum/usdc
2026-03-11 14:38:49 | INFO     | src.payments:record_payment:1085 - Recorded payment for user 300674312: 0.13 usdc on arbitrum, tx=0x3d4a64fb2ce779522375847123f7a34507dc14064b2289fca1d7f9787aea9059
2026-03-11 14:38:49 | INFO     | src.payments:activate_subscription:1272 - Activated subscription '1month' for user 300674312
2026-03-11 14:38:49 | INFO     | src.payments:update_payment_session_tx_hash:978 - Updated payment session 1 with tx_hash 0x3d4a64fb2ce779522375847123f7a34507dc14064b2289fca1d7f9787aea9059
2026-03-11 14:38:49 | INFO     | src.payments:complete_payment_session:1071 - Payment session 1 completed
2026-03-11 14:38:51 | ERROR    | src.backend_client:activate_subscription:53 - Backend activate error for user 300674312: Cannot connect to host localhost:3000 ssl:default [Удаленный компьютер отклонил это сетевое подключение]
2026-03-11 14:38:51 | ERROR    | src.telegram_ui:process_tx_hash:637 - Failed to get API key from backend for user 300674312
2026-03-11 14:38:51 | INFO     | src.payments:create_invite_link_for_chat:1380 - Attempting to create invite link for chat: chat_id=-1003797687285, user=300674312, plan=1 месяц
2026-03-11 14:38:51 | ERROR    | src.payments:create_invite_link_for_chat:1395 - Failed to create invite link for chat for user 300674312: Telegram server says - Bad Request: chat not found
2026-03-11 14:38:51 | ERROR    | src.payments:create_invite_links:1416 - Failed to create chat invite link: Telegram server says - Bad Request: chat not found
2026-03-11 14:38:51 | INFO     | src.payments:create_invite_link_for_chat:1380 - Attempting to create invite link for group: chat_id=-1003481140567, user=300674312, plan=1 месяц
2026-03-11 14:38:51 | ERROR    | src.payments:create_invite_link_for_chat:1395 - Failed to create invite link for group for user 300674312: Telegram server says - Bad Request: chat not found
2026-03-11 14:38:51 | ERROR    | src.payments:create_invite_links:1423 - Failed to create group invite link: Telegram server says - Bad Request: chat not found
2026-03-11 14:38:52 | ERROR    | src.telegram_ui:process_tx_hash:726 - Failed to send admin notification: Telegram server says - Bad Request: chat not found
2026-03-11 14:38:52 | INFO     | src.telegram_ui:process_tx_hash:731 - Payment confirmed for user 300674312: 0.13 usdc on arbitrum, tx=0x3d4a64fb2ce779522375847123f7a34507dc14064b2289fca1d7f9787aea9059
2026-03-11 14:40:35 | INFO     | __main__:main:133 - Loaded PRIVATE_CHAT_ID from .env: -1003797687285
2026-03-11 14:40:35 | INFO     | __main__:main:134 - Loaded PRIVATE_GROUP_ID from .env: -1003481140567
2026-03-11 14:40:36 | INFO     | src.payments:generate_master_wallets:311 - Generated master wallet for base: 0x1817cF673e6DCe0cEd4e83b345Ec120ABbB60d47
2026-03-11 14:40:36 | INFO     | src.payments:generate_master_wallets:311 - Generated master wallet for arbitrum: 0x1817cF673e6DCe0cEd4e83b345Ec120ABbB60d47
2026-03-11 14:40:36 | INFO     | src.payments:generate_master_wallets:321 - Generated master wallet for tron: TCAbk2FtQkANWWiZei2KBUUXzGYXkpmgg6
2026-03-11 14:40:36 | INFO     | src.payments:generate_master_wallets:330 - Generated master wallet for solana: 25nL3FAVCYjxEZXYBjKQV1G5P9NznKLiUx4M93DMN91U
2026-03-11 14:40:36 | INFO     | src.payments:_init_withdrawal_wallet:364 - Публичный EVM-адрес кошелька вывода сохранён в БД: 0x570eEEA71AEd426563b8a26510E448546Ede2864
2026-03-11 14:40:36 | INFO     | src.payments:init_db:285 - Database initialized
2026-03-11 14:40:36 | INFO     | src.telegram_ui:setup_bot_commands:1112 - Bot commands configured
2026-03-11 14:40:36 | INFO     | __main__:main:146 - Bot started
2026-03-11 14:40:45 | INFO     | src.telegram_ui:cmd_start:327 - User 300674312 started the bot
2026-03-11 14:40:45 | INFO     | src.payments:ensure_user_referral_link:844 - Created personal referral link for user 300674312: Y9tnsIs6MU4
2026-03-11 14:40:45 | INFO     | src.payments:update_user_profile:626 - Created personal referral link for new user 300674312
2026-03-11 14:40:47 | INFO     | src.telegram_ui:show_profile:786 - User 300674312 opened profile, balance=0.00$
2026-03-11 14:40:48 | INFO     | src.telegram_ui:show_plans:352 - User 300674312 opened subscription plans
2026-03-11 14:40:48 | INFO     | src.telegram_ui:show_plans:361 - Checking referral code for user 300674312: None
2026-03-11 14:40:48 | INFO     | src.telegram_ui:show_plans:377 - No referral code for user 300674312
2026-03-11 14:40:49 | INFO     | src.telegram_ui:show_token_selection:434 - User 300674312 selected plan 1month, price: 0.1
2026-03-11 14:40:51 | INFO     | src.telegram_ui:show_network_selection:461 - User 300674312 selected token usdc
2026-03-11 14:40:52 | INFO     | src.payments:create_payment_session:1023 - Created payment session 1 for user 300674312, plan=1month, arbitrum/usdc, from_block=0
2026-03-11 14:40:52 | INFO     | src.telegram_ui:show_payment:519 - User 300674312 selected USDC on Arbitrum One, master wallet: 0x1817cF673e6DCe0cEd4e83b345Ec120ABbB60d47
2026-03-11 14:41:21 | INFO     | src.telegram_ui:confirm_payment_handler:561 - User 300674312 entered tx hash input mode for 1month/usdc/arbitrum
2026-03-11 14:41:23 | INFO     | src.telegram_ui:process_tx_hash:592 - User 300674312 submitted tx_hash: 0x6a72ba48dbdee63e0acf81c8e6488e4b9b7969990b9bada02e80265d562375d0 for arbitrum/usdc
2026-03-11 14:41:23 | INFO     | src.payments:record_payment:1085 - Recorded payment for user 300674312: 0.1 usdc on arbitrum, tx=0x6a72ba48dbdee63e0acf81c8e6488e4b9b7969990b9bada02e80265d562375d0
2026-03-11 14:41:23 | INFO     | src.payments:activate_subscription:1272 - Activated subscription '1month' for user 300674312
2026-03-11 14:41:23 | INFO     | src.payments:update_payment_session_tx_hash:978 - Updated payment session 1 with tx_hash 0x6a72ba48dbdee63e0acf81c8e6488e4b9b7969990b9bada02e80265d562375d0
2026-03-11 14:41:23 | INFO     | src.payments:complete_payment_session:1071 - Payment session 1 completed
2026-03-11 14:41:23 | ERROR    | src.backend_client:activate_subscription:50 - Backend activate failed [201] for user 300674312: {"apiKey":"arb_5483218824036620eddde3b01585906e785374591c625ee7e0641651b0bed40b"}
2026-03-11 14:41:23 | ERROR    | src.telegram_ui:process_tx_hash:637 - Failed to get API key from backend for user 300674312
2026-03-11 14:41:23 | INFO     | src.payments:create_invite_link_for_chat:1380 - Attempting to create invite link for chat: chat_id=-1003797687285, user=300674312, plan=1 месяц
2026-03-11 14:41:23 | ERROR    | src.payments:create_invite_link_for_chat:1395 - Failed to create invite link for chat for user 300674312: Telegram server says - Bad Request: chat not found
2026-03-11 14:41:23 | ERROR    | src.payments:create_invite_links:1416 - Failed to create chat invite link: Telegram server says - Bad Request: chat not found
2026-03-11 14:41:23 | INFO     | src.payments:create_invite_link_for_chat:1380 - Attempting to create invite link for group: chat_id=-1003481140567, user=300674312, plan=1 месяц
2026-03-11 14:41:24 | ERROR    | src.payments:create_invite_link_for_chat:1395 - Failed to create invite link for group for user 300674312: Telegram server says - Bad Request: chat not found
2026-03-11 14:41:24 | ERROR    | src.payments:create_invite_links:1423 - Failed to create group invite link: Telegram server says - Bad Request: chat not found
2026-03-11 14:41:24 | ERROR    | src.telegram_ui:process_tx_hash:726 - Failed to send admin notification: Telegram server says - Bad Request: chat not found
2026-03-11 14:41:24 | INFO     | src.telegram_ui:process_tx_hash:731 - Payment confirmed for user 300674312: 0.1 usdc on arbitrum, tx=0x6a72ba48dbdee63e0acf81c8e6488e4b9b7969990b9bada02e80265d562375d0
2026-03-11 14:42:45 | INFO     | __main__:main:133 - Loaded PRIVATE_CHAT_ID from .env: -1003797687285
2026-03-11 14:42:45 | INFO     | __main__:main:134 - Loaded PRIVATE_GROUP_ID from .env: -1003481140567
2026-03-11 14:42:46 | INFO     | src.payments:generate_master_wallets:311 - Generated master wallet for base: 0xc47B7Cd77f530Fecab5297703EaCD442E96d32c6
2026-03-11 14:42:46 | INFO     | src.payments:generate_master_wallets:311 - Generated master wallet for arbitrum: 0xc47B7Cd77f530Fecab5297703EaCD442E96d32c6
2026-03-11 14:42:46 | INFO     | src.payments:generate_master_wallets:321 - Generated master wallet for tron: TTt7NjMQjxJud6nDX8MDDCVaxk6GWdPEEh
2026-03-11 14:42:46 | INFO     | src.payments:generate_master_wallets:330 - Generated master wallet for solana: 64EXRK6jZicVKHc6tu6yvZByN8j8q6GN8cwLzzpMJfWP
2026-03-11 14:42:46 | INFO     | src.payments:_init_withdrawal_wallet:364 - Публичный EVM-адрес кошелька вывода сохранён в БД: 0x570eEEA71AEd426563b8a26510E448546Ede2864
2026-03-11 14:42:46 | INFO     | src.payments:init_db:285 - Database initialized
2026-03-11 14:42:46 | INFO     | src.telegram_ui:setup_bot_commands:1112 - Bot commands configured
2026-03-11 14:42:46 | INFO     | __main__:main:146 - Bot started
2026-03-11 14:43:00 | INFO     | src.telegram_ui:cmd_start:327 - User 300674312 started the bot
2026-03-11 14:43:00 | INFO     | src.payments:ensure_user_referral_link:844 - Created personal referral link for user 300674312: 3NXdY6zvSHU
2026-03-11 14:43:00 | INFO     | src.payments:update_user_profile:626 - Created personal referral link for new user 300674312
2026-03-11 14:43:03 | INFO     | src.telegram_ui:show_plans:352 - User 300674312 opened subscription plans
2026-03-11 14:43:03 | INFO     | src.telegram_ui:show_plans:361 - Checking referral code for user 300674312: None
2026-03-11 14:43:03 | INFO     | src.telegram_ui:show_plans:377 - No referral code for user 300674312
2026-03-11 14:43:04 | INFO     | src.telegram_ui:show_token_selection:434 - User 300674312 selected plan 1month, price: 0.1
2026-03-11 14:43:04 | INFO     | src.telegram_ui:show_network_selection:461 - User 300674312 selected token usdc
2026-03-11 14:43:05 | INFO     | src.payments:create_payment_session:1023 - Created payment session 1 for user 300674312, plan=1month, arbitrum/usdc, from_block=0
2026-03-11 14:43:05 | INFO     | src.telegram_ui:show_payment:519 - User 300674312 selected USDC on Arbitrum One, master wallet: 0xc47B7Cd77f530Fecab5297703EaCD442E96d32c6
2026-03-11 14:43:31 | INFO     | src.telegram_ui:confirm_payment_handler:561 - User 300674312 entered tx hash input mode for 1month/usdc/arbitrum
2026-03-11 14:43:37 | INFO     | src.telegram_ui:process_tx_hash:592 - User 300674312 submitted tx_hash: 0x07ad8cfb6de6e4e7211a641d38eed4f7d98ea69ac3c115a5f589977461847704 for arbitrum/usdc
2026-03-11 14:43:38 | INFO     | src.payments:record_payment:1085 - Recorded payment for user 300674312: 0.1 usdc on arbitrum, tx=0x07ad8cfb6de6e4e7211a641d38eed4f7d98ea69ac3c115a5f589977461847704
2026-03-11 14:43:38 | INFO     | src.payments:activate_subscription:1272 - Activated subscription '1month' for user 300674312
2026-03-11 14:43:38 | INFO     | src.payments:update_payment_session_tx_hash:978 - Updated payment session 1 with tx_hash 0x07ad8cfb6de6e4e7211a641d38eed4f7d98ea69ac3c115a5f589977461847704
2026-03-11 14:43:38 | INFO     | src.payments:complete_payment_session:1071 - Payment session 1 completed
2026-03-11 14:43:38 | INFO     | src.backend_client:activate_subscription:46 - Backend: activated subscription for TG user 300674312, plan=1month
2026-03-11 14:43:38 | INFO     | src.payments:create_invite_link_for_chat:1380 - Attempting to create invite link for chat: chat_id=-1003797687285, user=300674312, plan=1 месяц
2026-03-11 14:43:38 | ERROR    | src.payments:create_invite_link_for_chat:1395 - Failed to create invite link for chat for user 300674312: Telegram server says - Bad Request: chat not found
2026-03-11 14:43:38 | ERROR    | src.payments:create_invite_links:1416 - Failed to create chat invite link: Telegram server says - Bad Request: chat not found
2026-03-11 14:43:38 | INFO     | src.payments:create_invite_link_for_chat:1380 - Attempting to create invite link for group: chat_id=-1003481140567, user=300674312, plan=1 месяц
2026-03-11 14:43:38 | ERROR    | src.payments:create_invite_link_for_chat:1395 - Failed to create invite link for group for user 300674312: Telegram server says - Bad Request: chat not found
2026-03-11 14:43:38 | ERROR    | src.payments:create_invite_links:1423 - Failed to create group invite link: Telegram server says - Bad Request: chat not found
2026-03-11 14:43:38 | ERROR    | src.telegram_ui:process_tx_hash:726 - Failed to send admin notification: Telegram server says - Bad Request: chat not found
2026-03-11 14:43:38 | INFO     | src.telegram_ui:process_tx_hash:731 - Payment confirmed for user 300674312: 0.1 usdc on arbitrum, tx=0x07ad8cfb6de6e4e7211a641d38eed4f7d98ea69ac3c115a5f589977461847704
2026-03-11 15:02:58 | INFO     | __main__:main:133 - Loaded PRIVATE_CHAT_ID from .env: -1003797687285
2026-03-11 15:02:58 | INFO     | __main__:main:134 - Loaded PRIVATE_GROUP_ID from .env: -1003481140567
2026-03-11 15:02:58 | INFO     | src.payments:init_db:285 - Database initialized
2026-03-11 15:02:58 | INFO     | src.telegram_ui:setup_bot_commands:1112 - Bot commands configured
2026-03-11 15:02:58 | INFO     | __main__:main:146 - Bot started
2026-03-11 15:02:58 | INFO     | src.telegram_ui:cmd_start:327 - User 300674312 started the bot
2026-03-11 15:02:59 | INFO     | src.telegram_ui:cmd_start:327 - User 300674312 started the bot
2026-03-11 15:03:01 | INFO     | src.telegram_ui:show_profile:786 - User 300674312 opened profile, balance=0.00$
2026-03-11 15:03:49 | INFO     | src.telegram_ui:show_profile:786 - User 300674312 opened profile, balance=0.00$
2026-03-11 15:03:52 | INFO     | src.telegram_ui:show_plans:352 - User 300674312 opened subscription plans
2026-03-11 15:03:52 | INFO     | src.telegram_ui:show_plans:361 - Checking referral code for user 300674312: None
2026-03-11 15:03:52 | INFO     | src.telegram_ui:show_plans:377 - No referral code for user 300674312
2026-03-11 15:04:02 | INFO     | src.telegram_ui:show_token_selection:434 - User 300674312 selected plan 1month, price: 0.08
2026-03-11 15:04:03 | INFO     | src.telegram_ui:show_plans:352 - User 300674312 opened subscription plans
2026-03-11 15:04:03 | INFO     | src.telegram_ui:show_plans:361 - Checking referral code for user 300674312: None
2026-03-11 15:04:03 | INFO     | src.telegram_ui:show_plans:377 - No referral code for user 300674312
2026-03-11 19:11:35 | INFO     | __main__:main:133 - Loaded PRIVATE_CHAT_ID from .env: -1003797687285
2026-03-11 19:11:35 | INFO     | __main__:main:134 - Loaded PRIVATE_GROUP_ID from .env: -1003481140567
2026-03-11 19:11:35 | INFO     | src.payments:generate_master_wallets:311 - Generated master wallet for base: 0x6827d162F37aA7Ef68B7EdBEc91608B2539c3F8a
2026-03-11 19:11:35 | INFO     | src.payments:generate_master_wallets:311 - Generated master wallet for arbitrum: 0x6827d162F37aA7Ef68B7EdBEc91608B2539c3F8a
2026-03-11 19:11:35 | INFO     | src.payments:generate_master_wallets:321 - Generated master wallet for tron: TKTvyc97dUhmm3m2kVNgra2LC8iEw7QR4a
2026-03-11 19:11:35 | INFO     | src.payments:generate_master_wallets:330 - Generated master wallet for solana: Ezjge6wrNp4fbH3JpRt8Jq2SHECZ9MPZpz7neAdExge6
2026-03-11 19:11:35 | INFO     | src.payments:_init_withdrawal_wallet:364 - Публичный EVM-адрес кошелька вывода сохранён в БД: 0x570eEEA71AEd426563b8a26510E448546Ede2864
2026-03-11 19:11:35 | INFO     | src.payments:init_db:285 - Database initialized
2026-03-11 19:11:36 | INFO     | src.telegram_ui:setup_bot_commands:1112 - Bot commands configured
2026-03-11 19:11:36 | INFO     | __main__:main:146 - Bot started
2026-03-11 19:11:36 | INFO     | src.telegram_ui:cmd_start:327 - User 300674312 started the bot
2026-03-11 19:11:36 | INFO     | src.payments:ensure_user_referral_link:844 - Created personal referral link for user 300674312: drpNQ37p5SU
2026-03-11 19:11:36 | INFO     | src.payments:update_user_profile:626 - Created personal referral link for new user 300674312
